[2026-06-04T13:24:03.883Z] Chiletrabajos apply: https://www.chiletrabajos.cl/trabajo/postular/3843128
[2026-06-04T13:24:08.236Z] paused: Empresa multinacional - Analista de activos de tecnología (unknown question: Indique sus pretensiones de renta Indique sus pretensiones de renta 0/255)
[2026-06-04T13:24:08.426Z] Chiletrabajos apply: https://www.chiletrabajos.cl/trabajo/postular/3816582
[2026-06-04T13:24:10.713Z] Chiletrabajos apply: https://www.chiletrabajos.cl/trabajo/postular/3815766
[2026-06-04T13:24:18.732Z] submitted: Confidencial - Operador Mesa de Ayuda (confirmation/redirect)
[2026-06-04T13:24:18.838Z] Chiletrabajos apply: https://www.chiletrabajos.cl/trabajo/postular/3815831
[2026-06-04T13:24:26.323Z] submitted: Importante Empresa Constructora - Analista Soporte TI (confirmation/redirect)
[2026-06-04T13:24:44.174Z] Chiletrabajos apply: https://www.chiletrabajos.cl/trabajo/postular/3843128
[2026-06-04T13:24:52.138Z] submitted: Empresa multinacional - Analista de activos de tecnología (confirmation/redirect)
[2026-06-04T13:25:03.249Z] Chiletrabajos apply: https://www.chiletrabajos.cl/trabajo/postular/3837584
[2026-06-04T13:25:08.023Z] paused: Grupo Avanza - Soporte Mesa de Ayuda Nivel 1- Santiago (unknown question: Indique sistemas SAP con los que ha trabajado Indique sistemas SAP con los que ha trabajado 0/255)
[2026-06-04T13:25:08.135Z] Chiletrabajos apply: https://www.chiletrabajos.cl/trabajo/postular/3804283
[2026-06-04T13:25:15.985Z] submitted: Tecnología - Consultor Mesa de Ayuda (confirmation/redirect)
[2026-06-04T13:33:16.521Z] Chiletrabajos apply: https://www.chiletrabajos.cl/trabajo/postular/3837584
[2026-06-04T13:33:24.643Z] submitted: Grupo Avanza - Soporte Mesa de Ayuda Nivel 1- Santiago (confirmation/redirect)
[2026-06-04T13:33:24.761Z] Chiletrabajos apply: https://www.chiletrabajos.cl/trabajo/postular/3840246
[2026-06-04T13:45:02.302Z] Chiletrabajos apply: https://www.chiletrabajos.cl/trabajo/postular/3790678
[2026-06-04T13:45:10.441Z] submitted: Chiletrabajos - Programador Analista de software (confirmation/redirect)
[2026-06-04T14:05:45.510Z] Chiletrabajos apply: https://www.chiletrabajos.cl/trabajo/postular/3085357
[2026-06-04T14:05:53.966Z] submitted: Haibu Solutions - Ingeniero PMO con experiencia en desarrollo Python (confirmation/redirect)
[2026-06-04T14:07:24.781Z] Chiletrabajos apply: https://www.chiletrabajos.cl/trabajo/postular/3817570
[2026-06-04T14:07:27.668Z] Chiletrabajos apply: https://www.chiletrabajos.cl/trabajo/postular/3815451
[2026-06-04T14:07:31.984Z] paused: Technology Solutions - Analista QA Automatizador (unknown question: Indique número y correo actualizados. Indique número y correo actualizados. 0/255)
[2026-06-04T14:11:46.687Z] Chiletrabajos apply: https://www.chiletrabajos.cl/trabajo/postular/3815451
[2026-06-04T14:11:51.151Z] paused: Technology Solutions - Analista QA Automatizador (unknown question: Indique las principales funciones realizadas en automatización. Indique las principales funciones realizadas en automatización. 0/255)
[2026-06-04T14:12:17.768Z] Chiletrabajos apply: https://www.chiletrabajos.cl/trabajo/postular/3815451
[2026-06-04T14:12:22.328Z] paused: Technology Solutions - Analista QA Automatizador (unknown question: Indique nivel de manejo en Selenium. Indique nivel de manejo en Selenium. 0/255)
[2026-06-04T14:12:42.423Z] Chiletrabajos apply: https://www.chiletrabajos.cl/trabajo/postular/3815451
[2026-06-04T14:12:50.477Z] submitted: Technology Solutions - Analista QA Automatizador (confirmation/redirect)
[2026-06-08T19:07:10.381Z] Chiletrabajos apply: https://www.chiletrabajos.cl/trabajo/postular/3790678
[2026-06-08T19:07:20.431Z] submitted: Chiletrabajos - Programador Analista de software (confirmation/redirect)
[2026-06-08T19:07:20.596Z] Chiletrabajos apply: https://www.chiletrabajos.cl/trabajo/postular/3791694
[2026-06-08T19:07:22.872Z] Chiletrabajos apply: https://www.chiletrabajos.cl/trabajo/postular/3788882
[2026-06-08T19:07:25.242Z] Chiletrabajos apply: https://www.chiletrabajos.cl/trabajo/postular/3738392
[2026-06-08T19:09:22.109Z] Chiletrabajos apply: https://www.chiletrabajos.cl/trabajo/postular/3791694
[2026-06-08T19:09:24.480Z] Chiletrabajos apply: https://www.chiletrabajos.cl/trabajo/postular/3790678
[2026-06-08T19:09:34.481Z] submitted: Chiletrabajos - Programador Analista de software (confirmation/redirect)
[2026-06-08T19:09:34.630Z] Chiletrabajos apply: https://www.chiletrabajos.cl/trabajo/postular/3788882
[2026-06-08T19:09:36.793Z] Chiletrabajos apply: https://www.chiletrabajos.cl/trabajo/postular/3738392
[2026-06-08T19:10:36.808Z] Chiletrabajos apply: https://www.chiletrabajos.cl/trabajo/postular/3830258
[2026-06-08T19:10:44.877Z] submitted: Kibernum - Desarrollador/a Backend & Data Pipeline Senior (Python + Java + SQL) (confirmation/redirect)
[2026-06-08T19:10:44.980Z] Chiletrabajos apply: https://www.chiletrabajos.cl/trabajo/postular/3833702
[2026-06-08T20:05:15.034Z] Chiletrabajos apply: https://www.chiletrabajos.cl/trabajo/postular/3827596
[2026-06-08T20:06:15.134Z] Chiletrabajos apply: https://www.chiletrabajos.cl/trabajo/postular/3846508
[2026-06-08T20:06:22.517Z] submitted: Agencia Match - Desarrollador Full-stack (confirmation/redirect)
[2026-06-08T20:06:22.791Z] Chiletrabajos apply: https://www.chiletrabajos.cl/trabajo/postular/3846432
[2026-06-08T20:06:27.014Z] paused: Agencia Match - Desarrollador/a Web (Angular, React y TypeScript) (unknown question: ¿Has trabajado con Angular anteriormente? ¿Has trabajado con Angular anteriormente? 0/255)
[2026-06-08T20:07:41.540Z] Chiletrabajos apply: https://www.chiletrabajos.cl/trabajo/postular/3846432
[2026-06-08T20:07:47.117Z] paused: Agencia Match - Desarrollador/a Web (Angular, React y TypeScript) (unknown question: ¿Has trabajado con typescript? ¿Has trabajado con typescript? 0/255)
[2026-06-08T20:08:19.980Z] Chiletrabajos apply: https://www.chiletrabajos.cl/trabajo/postular/3846432
[2026-06-08T20:08:30.405Z] submitted: Agencia Match - Desarrollador/a Web (Angular, React y TypeScript) (confirmation/redirect)
[2026-06-18T15:37:18.871Z] Chiletrabajos apply: https://www.chiletrabajos.cl/trabajo/postular/3854470
[2026-06-18T15:37:28.388Z] submitted: Segmas - Asesor de Inteligencia Artificial - IA (confirmation/redirect)
[2026-06-18T15:37:28.497Z] Chiletrabajos apply: https://www.chiletrabajos.cl/trabajo/postular/3825628
[2026-06-18T15:37:38.733Z] submitted: gps - Analista QA Junior (confirmation/redirect)
[2026-06-18T15:37:38.865Z] Chiletrabajos apply: https://www.chiletrabajos.cl/trabajo/postular/3810457
[2026-06-18T15:37:41.195Z] Chiletrabajos apply: https://www.chiletrabajos.cl/trabajo/postular/3844625
[2026-06-18T15:37:50.361Z] submitted: Confidencial - Analista QA Híbrido (confirmation/redirect)
[2026-06-18T15:37:50.459Z] Chiletrabajos apply: https://www.chiletrabajos.cl/trabajo/postular/3847142
[2026-06-18T15:37:58.887Z] submitted: Tecnova - QA Automatizador (confirmation/redirect)
[2026-06-18T15:37:58.983Z] Chiletrabajos apply: https://www.chiletrabajos.cl/trabajo/postular/3847349
[2026-06-18T15:38:07.468Z] submitted: Muck Consultores - Tester Agile / Analista de Testing Agile - Junior a Senior (confirmation/redirect)
[2026-06-18T15:38:07.590Z] Chiletrabajos apply: https://www.chiletrabajos.cl/trabajo/postular/3841392
[2026-06-18T15:38:17.987Z] submitted: Socius Spa - Desarrollador Java (confirmation/redirect)
[2026-06-18T15:38:18.177Z] Chiletrabajos apply: https://www.chiletrabajos.cl/trabajo/postular/3815451
[2026-06-18T15:38:28.515Z] submitted: Technology Solutions - Analista QA Automatizador (confirmation/redirect)
[2026-06-18T19:09:57.588Z] Chiletrabajos apply: https://www.chiletrabajos.cl/trabajo/postular/3515525
[2026-06-18T19:10:09.681Z] submitted: Haibu Solutions - Developer Fullstack Nest - React (confirmation/redirect)
