[2026-06-04T13:32:06.759Z] LinkedIn URL apply: https://cl.linkedin.com/jobs/view/4390073180
[2026-06-04T13:32:11.945Z] skipped:  este cargo (jd blocker)
[2026-06-04T13:32:11.946Z] LinkedIn URL apply: https://cl.linkedin.com/jobs/view/4411797379
[2026-06-04T13:32:20.931Z] paused:  este cargo (modal not found after opening)
[2026-06-04T13:32:20.932Z] LinkedIn URL apply: https://cl.linkedin.com/jobs/view/4423970369
[2026-06-04T13:32:25.990Z] skipped:  este cargo (jd blocker)
[2026-06-04T13:32:25.990Z] LinkedIn URL apply: https://cl.linkedin.com/jobs/view/4423021554
[2026-06-04T13:32:35.141Z] paused:  este cargo (modal not found after opening)
[2026-06-04T13:32:35.142Z] LinkedIn URL apply: https://cl.linkedin.com/jobs/view/4424003971
[2026-06-04T13:32:44.923Z] paused:  este cargo (modal not found after opening)
[2026-06-04T13:39:52.846Z] LinkedIn URL apply: https://www.linkedin.com/jobs/view/junior-software-engineer-remote-at-joblet-ai-4405232670
[2026-06-04T13:39:59.134Z] skipped:  este cargo (closed)
[2026-06-04T13:39:59.135Z] LinkedIn URL apply: https://www.linkedin.com/jobs/view/junior-java-developer-remote-work-at-bairesdev-4407197978
[2026-06-04T13:40:05.356Z] skipped:  este cargo (closed)
[2026-06-04T13:40:05.357Z] LinkedIn URL apply: https://www.linkedin.com/jobs/view/desarrollador-junior-net-trabajo-remoto-at-bairesdev-4368028503
[2026-06-04T13:40:11.465Z] skipped:  este cargo (closed)
[2026-06-04T15:07:15.205Z] LinkedIn URL apply: https://cl.linkedin.com/jobs/view/junior-tester-remote-work-ref%23284253-at-bairesdev-4258059709
[2026-06-04T15:07:24.298Z] paused:  este cargo (modal not found after opening)
[2026-06-04T17:22:04.900Z] LinkedIn URL apply: https://www.linkedin.com/jobs/view/4424425648/
[2026-06-04T17:22:20.621Z] paused:  este cargo (hard-stop modal)
[2026-06-04T18:04:33.713Z] LinkedIn URL apply: https://www.linkedin.com/jobs/view/4420736757/
[2026-06-04T18:04:49.217Z] paused:  este cargo (hard-stop modal)
[2026-06-04T18:04:49.218Z] LinkedIn URL apply: https://www.linkedin.com/jobs/view/4420734836/
[2026-06-04T18:05:04.263Z] paused:  este cargo (hard-stop modal)
[2026-06-04T18:05:04.264Z] LinkedIn URL apply: https://www.linkedin.com/jobs/view/4420128951/
[2026-06-04T18:05:19.596Z] paused:  este cargo (hard-stop modal)
[2026-06-04T18:05:19.597Z] LinkedIn URL apply: https://www.linkedin.com/jobs/view/4419206222/
[2026-06-04T18:05:35.463Z] paused:  este cargo (hard-stop modal)
[2026-06-04T18:05:35.463Z] LinkedIn URL apply: https://www.linkedin.com/jobs/view/4420728989/
[2026-06-04T18:05:48.408Z] paused:  este cargo (modal not found after opening)
[2026-06-04T18:05:48.409Z] LinkedIn URL apply: https://www.linkedin.com/jobs/view/4423539267/
[2026-06-04T18:06:03.797Z] paused:  este cargo (hard-stop modal)
[2026-06-04T18:09:07.324Z] LinkedIn URL apply: https://www.linkedin.com/jobs/view/4420728989/
[2026-06-04T18:09:16.806Z] paused:  este cargo (modal not found after opening)
[2026-06-04T18:09:16.807Z] LinkedIn URL apply: https://www.linkedin.com/jobs/view/4412099927/
[2026-06-04T18:09:46.037Z] paused:  este cargo (max steps)
[2026-06-04T18:09:46.038Z] LinkedIn URL apply: https://www.linkedin.com/jobs/view/4419206222/
[2026-06-04T18:09:55.039Z] paused:  este cargo (modal not found after opening)
[2026-06-04T18:09:55.039Z] LinkedIn URL apply: https://www.linkedin.com/jobs/view/4420736757/
[2026-06-04T18:10:05.545Z] skipped:  este cargo (no easy apply)
[2026-06-04T18:10:05.546Z] LinkedIn URL apply: https://www.linkedin.com/jobs/view/4420734836/
[2026-06-04T18:10:28.498Z] submitted:  este cargo (ok)
[2026-06-04T18:10:28.498Z] LinkedIn URL apply: https://www.linkedin.com/jobs/view/4420128951/
[2026-06-04T18:10:38.612Z] paused:  este cargo (modal not found after opening)
[2026-06-04T18:10:38.612Z] LinkedIn URL apply: https://www.linkedin.com/jobs/view/4412147075/
[2026-06-04T18:10:59.593Z] submitted:  este cargo (ok)
[2026-06-04T18:17:56.019Z] LinkedIn URL apply: https://www.linkedin.com/jobs/view/4422951951/
[2026-06-04T18:18:10.936Z] paused:  este cargo (1 required empty)
[2026-06-04T18:18:10.937Z] LinkedIn URL apply: https://www.linkedin.com/jobs/view/4422432170/
[2026-06-04T18:18:42.828Z] submitted:  este cargo (ok)
[2026-06-04T18:18:42.828Z] LinkedIn URL apply: https://www.linkedin.com/jobs/view/4421218446/
[2026-06-04T18:19:09.473Z] paused:  este cargo (max steps)
[2026-06-04T18:19:09.474Z] LinkedIn URL apply: https://www.linkedin.com/jobs/view/4423540254/
[2026-06-04T18:19:24.092Z] paused:  este cargo (hard-stop modal)
[2026-06-04T18:25:24.855Z] LinkedIn URL apply: https://www.linkedin.com/jobs/view/4423525738/
[2026-06-04T18:25:38.240Z] submitted:  este cargo (ok)
[2026-06-04T18:27:50.361Z] LinkedIn URL apply: https://www.linkedin.com/jobs/view/4410816204/
[2026-06-04T18:28:15.401Z] paused:  este cargo (max steps)
[2026-06-04T18:30:38.454Z] LinkedIn URL apply: https://www.linkedin.com/jobs/view/4424425898/
[2026-06-04T18:31:02.759Z] paused:  este cargo (max steps)
[2026-06-04T18:34:21.004Z] LinkedIn URL apply: https://www.linkedin.com/jobs/view/4424431997/
[2026-06-04T18:34:39.977Z] submitted:  este cargo (ok)
[2026-06-04T18:37:50.422Z] LinkedIn URL apply: https://www.linkedin.com/jobs/view/4424258448/
[2026-06-04T18:38:04.073Z] paused:  este cargo (1 required empty)
[2026-06-04T18:41:14.896Z] LinkedIn URL apply: https://www.linkedin.com/jobs/view/4420742233/
[2026-06-04T18:41:29.118Z] submitted:  este cargo (ok)
[2026-06-05T14:17:53.428Z] LinkedIn URL apply: https://cl.linkedin.com/jobs/view/desarrollador-a-junior-backend-java-at-accenture-chile-4401177550
[2026-06-05T14:17:57.782Z] skipped:  Desarrollador/a Junior Backend Java (closed)
[2026-06-05T14:17:57.783Z] LinkedIn URL apply: https://cl.linkedin.com/jobs/view/dise%C3%B1ador-web-programador-junior-at-santo-tom%C3%A1s-4040933292
[2026-06-05T14:18:02.087Z] skipped:  Diseñador Web/Programador Junior (closed)
[2026-06-08T14:12:30.729Z] LinkedIn URL apply: https://www.linkedin.com/jobs/view/4425486871/
[2026-06-08T14:12:41.403Z] paused:  este cargo (1 required empty)
[2026-06-08T14:12:41.404Z] LinkedIn URL apply: https://www.linkedin.com/jobs/view/4420753238/
[2026-06-08T14:13:06.869Z] paused:  este cargo (max steps)
[2026-06-08T14:13:06.869Z] LinkedIn URL apply: https://www.linkedin.com/jobs/view/4419283781/
[2026-06-08T14:13:27.652Z] paused:  este cargo (1 required empty)
[2026-06-08T14:13:27.652Z] LinkedIn URL apply: https://www.linkedin.com/jobs/view/4421964292/
[2026-06-08T14:13:39.795Z] paused:  este cargo (modal not found after opening)
[2026-06-08T14:13:39.796Z] LinkedIn URL apply: https://www.linkedin.com/jobs/view/4423916112/
[2026-06-08T14:14:00.114Z] submitted:  este cargo (ok)
[2026-06-08T14:20:20.650Z] LinkedIn URL apply: https://www.linkedin.com/jobs/view/4425486871/
[2026-06-08T14:20:31.782Z] paused:  este cargo (1 required empty: 1. campo sin etiqueta)
[2026-06-08T14:26:31.891Z] LinkedIn URL apply: https://www.linkedin.com/jobs/view/4425486871/
[2026-06-08T14:26:36.612Z] skipped:  este cargo (no easy apply)
[2026-06-08T14:28:28.992Z] LinkedIn URL apply: https://www.linkedin.com/jobs/view/4419283781/
[2026-06-08T14:28:42.758Z] paused:  este cargo (1 required empty: 1. ¿Cuál es tu remuneración liquida pretendida para la posición?)
[2026-06-08T14:30:36.308Z] LinkedIn URL apply: https://www.linkedin.com/jobs/view/4419283781/
[2026-06-08T14:31:01.359Z] paused:  este cargo (max steps)
[2026-06-08T14:36:39.833Z] LinkedIn URL apply: https://www.linkedin.com/jobs/view/4420753238/
[2026-06-08T14:36:59.067Z] submitted:  este cargo (ok)
[2026-06-08T14:38:59.580Z] LinkedIn URL apply: https://www.linkedin.com/jobs/view/4421964292/
[2026-06-08T14:39:06.218Z] skipped:  este cargo (closed)
[2026-06-08T15:25:19.758Z] LinkedIn URL apply: https://www.linkedin.com/jobs/view/4423513312/
[2026-06-08T15:25:28.827Z] paused:  este cargo (modal not found after opening)
[2026-06-08T15:25:28.827Z] LinkedIn URL apply: https://www.linkedin.com/jobs/view/4425616570/
[2026-06-08T15:25:54.161Z] paused:  este cargo (max steps)
[2026-06-08T15:25:54.162Z] LinkedIn URL apply: https://www.linkedin.com/jobs/view/4425607780/
[2026-06-08T15:26:13.575Z] submitted:  este cargo (ok)
[2026-06-08T15:39:14.750Z] LinkedIn URL apply: https://www.linkedin.com/jobs/view/4415567174/
[2026-06-08T15:39:41.695Z] paused:  este cargo (max steps)
[2026-06-08T15:39:41.696Z] LinkedIn URL apply: https://www.linkedin.com/jobs/view/4425486937/
[2026-06-08T15:40:03.738Z] paused:  este cargo (no next/final)
[2026-06-08T15:40:03.738Z] LinkedIn URL apply: https://www.linkedin.com/jobs/view/4425642070/
[2026-06-08T15:40:24.100Z] submitted:  este cargo (ok)
[2026-06-08T15:40:24.101Z] LinkedIn URL apply: https://www.linkedin.com/jobs/view/4365312295/
[2026-06-08T15:40:49.916Z] paused:  este cargo (max steps)
[2026-06-08T15:45:47.562Z] LinkedIn URL apply: https://www.linkedin.com/jobs/view/4365312295/
[2026-06-08T15:46:13.244Z] paused:  este cargo (max steps)
[2026-06-08T15:52:36.679Z] LinkedIn URL apply: https://www.linkedin.com/jobs/view/4425082430/
[2026-06-08T15:52:54.973Z] submitted:  este cargo (ok)
[2026-06-08T15:55:26.339Z] LinkedIn URL apply: https://www.linkedin.com/jobs/view/4425267183/
[2026-06-08T15:55:50.664Z] paused:  este cargo (max steps)
[2026-06-08T15:57:26.408Z] LinkedIn URL apply: https://www.linkedin.com/jobs/view/4418167023/
[2026-06-08T15:57:39.484Z] paused:  este cargo (no next/final)
[2026-06-08T15:59:31.757Z] LinkedIn URL apply: https://www.linkedin.com/jobs/view/4414564367/
[2026-06-08T15:59:58.348Z] paused:  este cargo (max steps)
[2026-06-08T17:27:18.178Z] LinkedIn URL apply: https://www.linkedin.com/jobs/view/4415567174/
[2026-06-08T17:27:45.397Z] paused:  este cargo (max steps)
[2026-06-08T17:27:45.398Z] LinkedIn URL apply: https://www.linkedin.com/jobs/view/4425267183/
[2026-06-08T17:27:55.492Z] paused:  este cargo (modal not found after opening)
[2026-06-08T17:27:55.493Z] LinkedIn URL apply: https://www.linkedin.com/jobs/view/4414564367/
[2026-06-08T17:28:04.811Z] paused:  este cargo (modal not found after opening)
[2026-06-08T18:18:32.505Z] LinkedIn URL apply: https://www.linkedin.com/jobs/view/4425649306/
[2026-06-08T18:18:51.448Z] submitted:  este cargo (ok)
[2026-06-08T18:18:51.449Z] LinkedIn URL apply: https://www.linkedin.com/jobs/view/4421979256/
[2026-06-08T18:19:09.665Z] submitted:  este cargo (ok)
[2026-06-08T18:19:09.665Z] LinkedIn URL apply: https://www.linkedin.com/jobs/view/4425266861/
[2026-06-08T18:19:22.123Z] submitted:  este cargo (ok)
[2026-06-08T18:19:22.124Z] LinkedIn URL apply: https://www.linkedin.com/jobs/view/4421952954/
[2026-06-08T18:19:40.390Z] submitted:  este cargo (ok)
[2026-06-08T18:19:40.391Z] LinkedIn URL apply: https://www.linkedin.com/jobs/view/4425262750/
[2026-06-08T18:19:58.558Z] submitted:  este cargo (ok)
[2026-06-08T18:19:58.558Z] LinkedIn URL apply: https://www.linkedin.com/jobs/view/4421946953/
[2026-06-08T18:20:12.863Z] paused:  este cargo (12 required empty: 1. Cuanto tiempo has trabajado con C# || 2. Cuanto tiempo has trabajado con .NET || 3. Cuanto tiempo has trabajado con CI/CD (Deseable) || 4. Cuanto tiempo has trabajado con Secure Pipelines (Deseable) || 5. Cuanto tiempo has trabajado con IaC (Deseable) || 6. Cuanto tiempo has trabajado con Javascript || 7. Cuanto tiempo has trabajado con React || 8. Cuanto tiempo has trabajado con Vue.JS || 9. Cuanto tiempo has trabajado con GIT || 10. Cuanto tiempo has trabajado con Python (Deseable) || 11. Cuanto tiempo has trabajado con Typescript (Deseable) || 12. Cuanto tiempo has trabajado con Bash (Deseable))
[2026-06-08T18:20:12.863Z] LinkedIn URL apply: https://www.linkedin.com/jobs/view/4421992060/
[2026-06-08T18:20:26.903Z] paused:  este cargo (hard-stop modal)
[2026-06-08T18:26:26.049Z] LinkedIn URL apply: https://www.linkedin.com/jobs/view/4425636341/
[2026-06-08T18:26:40.109Z] paused:  este cargo (hard-stop modal)
[2026-06-08T18:43:08.959Z] LinkedIn URL apply: https://www.linkedin.com/jobs/view/4425269514/
[2026-06-08T18:43:27.717Z] submitted:  este cargo (ok)
[2026-06-08T18:43:27.719Z] LinkedIn URL apply: https://www.linkedin.com/jobs/view/4421969240/
[2026-06-08T18:43:36.702Z] paused:  este cargo (modal not found after opening)
[2026-06-08T18:58:59.613Z] LinkedIn URL apply: https://www.linkedin.com/jobs/view/4425622183/
[2026-06-08T18:59:23.975Z] paused:  este cargo (max steps)
[2026-06-08T19:39:39.449Z] LinkedIn URL apply: https://www.linkedin.com/jobs/view/4415567174/
[2026-06-08T19:39:49.065Z] paused:  este cargo (modal not found after opening)
[2026-06-08T19:39:49.065Z] LinkedIn URL apply: https://www.linkedin.com/jobs/view/4425267183/
[2026-06-08T19:39:55.290Z] skipped:  este cargo (closed)
[2026-06-08T19:39:55.291Z] LinkedIn URL apply: https://www.linkedin.com/jobs/view/4414564367/
[2026-06-08T19:40:22.490Z] paused:  este cargo (max steps)
[2026-06-08T19:44:43.117Z] LinkedIn URL apply: https://www.linkedin.com/jobs/view/4414564367/
[2026-06-08T19:45:08.881Z] paused:  este cargo (max steps)
[2026-06-08T20:01:38.857Z] LinkedIn URL apply: https://www.linkedin.com/jobs/view/4414564367/
[2026-06-08T20:01:51.582Z] paused:  este cargo (no next/final)
[2026-06-09T15:07:58.630Z] LinkedIn URL apply: https://www.linkedin.com/jobs/view/4415567174/
[2026-06-09T15:08:10.018Z] paused:  este cargo (modal not found after opening)
[2026-06-09T15:08:10.018Z] LinkedIn URL apply: https://www.linkedin.com/jobs/view/4425082430/
[2026-06-09T15:08:17.599Z] skipped:  este cargo (no easy apply)
[2026-06-09T15:08:17.601Z] LinkedIn URL apply: https://www.linkedin.com/jobs/view/4425267183/
[2026-06-09T15:08:29.480Z] skipped:  este cargo (closed)
[2026-06-09T15:08:29.481Z] LinkedIn URL apply: https://www.linkedin.com/jobs/view/4418167023/
[2026-06-09T15:08:37.800Z] skipped:  este cargo (closed)
[2026-06-17T18:08:06.789Z] LinkedIn URL apply: https://www.linkedin.com/jobs/view/4428729533/
[2026-06-17T18:08:26.684Z] submitted:  este cargo (ok)
[2026-06-17T18:08:26.685Z] LinkedIn URL apply: https://www.linkedin.com/jobs/view/4429997035/
[2026-06-17T18:08:46.859Z] submitted:  este cargo (ok)
[2026-06-17T18:08:46.860Z] LinkedIn URL apply: https://www.linkedin.com/jobs/view/4429987507/
[2026-06-17T18:09:06.268Z] submitted:  este cargo (ok)
[2026-06-17T18:09:06.269Z] LinkedIn URL apply: https://www.linkedin.com/jobs/view/4429975812/
[2026-06-17T18:09:20.283Z] submitted:  este cargo (ok)
[2026-06-17T18:57:07.444Z] LinkedIn URL apply: https://www.linkedin.com/jobs/view/4411204732/
[2026-06-17T18:57:22.960Z] paused:  este cargo (hard-stop modal)
[2026-06-17T18:57:22.961Z] LinkedIn URL apply: https://www.linkedin.com/jobs/view/4427389508/
[2026-06-17T18:57:48.187Z] paused:  este cargo (max steps)
[2026-06-17T18:57:48.188Z] LinkedIn URL apply: https://www.linkedin.com/jobs/view/4424254550/
[2026-06-17T18:58:14.200Z] paused:  este cargo (max steps)
[2026-06-17T18:58:14.202Z] LinkedIn URL apply: https://www.linkedin.com/jobs/view/4428718613/
[2026-06-17T18:58:42.383Z] paused:  este cargo (max steps)
[2026-06-17T18:58:42.383Z] LinkedIn URL apply: https://www.linkedin.com/jobs/view/4427384329/
[2026-06-17T18:59:02.261Z] submitted:  este cargo (ok)
[2026-06-17T18:59:02.261Z] LinkedIn URL apply: https://www.linkedin.com/jobs/view/4429973482/
[2026-06-17T18:59:29.198Z] paused:  este cargo (max steps)
[2026-06-17T18:59:29.199Z] LinkedIn URL apply: https://www.linkedin.com/jobs/view/4425621113/
[2026-06-17T18:59:50.754Z] submitted:  este cargo (ok)
[2026-06-18T14:14:13.064Z] LinkedIn URL apply: https://www.linkedin.com/jobs/view/4429973482/
[2026-06-18T14:14:39.457Z] paused:  este cargo (max steps)
[2026-06-18T15:51:02.840Z] LinkedIn URL apply: https://www.linkedin.com/jobs/view/4430475693/
[2026-06-18T15:51:29.158Z] paused:  este cargo (max steps)
[2026-06-18T19:15:22.332Z] LinkedIn URL apply: https://www.linkedin.com/jobs/view/4427858755/
[2026-06-18T19:15:45.219Z] submitted:  este cargo (ok)
[2026-06-18T19:15:45.220Z] LinkedIn URL apply: https://www.linkedin.com/jobs/view/4427844492/
[2026-06-18T19:15:59.888Z] paused:  este cargo (1 required empty: 1. En una escala de 1 a 5, ¿cómo evalúas tu capacidad para analizar datos y presentar conclusiones?)
[2026-06-18T19:20:11.589Z] LinkedIn URL apply: https://www.linkedin.com/jobs/view/4427844492/
[2026-06-18T19:20:37.820Z] paused:  este cargo (max steps)
[2026-06-18T20:25:16.903Z] LinkedIn URL apply: https://www.linkedin.com/jobs/view/4421964292/
[2026-06-18T20:25:23.076Z] skipped:  este cargo (closed)
[2026-06-18T20:25:23.077Z] LinkedIn URL apply: https://www.linkedin.com/jobs/view/4429973482/
[2026-06-18T20:25:44.991Z] submitted:  este cargo (ok)
[2026-06-19T13:24:28.485Z] LinkedIn URL apply: https://www.linkedin.com/jobs/view/4427389508/
[2026-06-19T13:24:49.979Z] paused:  este cargo (no next/final)
[2026-06-19T13:24:49.979Z] LinkedIn URL apply: https://www.linkedin.com/jobs/view/4424254550/
[2026-06-19T13:25:17.693Z] paused:  este cargo (max steps)
